Microchip Technology Inc, v1.34 (A)

Tool Name:
  c:\program files (x86)\microchip\xc16\v1.34\bin\bin\..\bin/elf-ld.exe

Command:
  -p24FJ64GA004 \
  -o \
  dist/default/production/Laser_Array.production.elf \
  -Lc:/program files (x86)/microchip/xc16/v1.34/bin/bin/.. \
  -Lc:/program files (x86)/microchip/xc16/v1.34/bin/bin/../../lib \
  -Lc:/program files (x86)/microchip/xc16/v1.34/bin/bin/../../support/PIC24E/gld \
  -Lc:/program files (x86)/microchip/xc16/v1.34/bin/bin/../../support/PIC24F/gld \
  -Lc:/program files (x86)/microchip/xc16/v1.34/bin/bin/../../support/PIC24H/gld \
  -Lc:/program files (x86)/microchip/xc16/v1.34/bin/bin/../../support/dsPIC30F/gld \
  -Lc:/program files (x86)/microchip/xc16/v1.34/bin/bin/../../support/dsPIC33C/gld \
  -Lc:/program files (x86)/microchip/xc16/v1.34/bin/bin/../../support/dsPIC33E/gld \
  -Lc:/program files (x86)/microchip/xc16/v1.34/bin/bin/../../support/dsPIC33F/gld \
  build/default/production/Laser_Array_Main.o \
  --defsym=__MPLAB_BUILD=1 \
  -Tp24FJ64GA004.gld.00 \
  --stack=16 \
  --check-sections \
  --data-init \
  --pack-data \
  --handles \
  --isr \
  --no-gc-sections \
  --fill-upper=0 \
  --stackguard=16 \
  --no-force-link \
  --smart-io \
  -Map=dist/default/production/Laser_Array.production.map \
  --report-mem \
  --memorysummary \
  dist/default/production/memoryfile.xml \
  -start-group \
  --library=lega-pic30-elf \
  --library=m-elf \
  --library=lega-c-elf \
  -end-group \


Optional library libpPIC24Fxxx.a not found
Archive member included because of file (symbol)

c:/program files (x86)/microchip/xc16/v1.34/bin/bin/../../lib\liblega-pic30-elf.a(crt0_standard.o)
                              (__resetPRI)
c:/program files (x86)/microchip/xc16/v1.34/bin/bin/../../lib\liblega-pic30-elf.a(data_init_standard.o)
                              c:/program files (x86)/microchip/xc16/v1.34/bin/bin/../../lib\liblega-pic30-elf.a(crt0_standard.o) (__data_init_standard)
c:/program files (x86)/microchip/xc16/v1.34/bin/bin/../../lib\liblega-pic30-elf.a(crt_start_mode_normal.Leo)
                              (__crt_start_mode_normal)
c:/program files (x86)/microchip/xc16/v1.34/bin/bin/../../lib\libm-elf.a(addsf3.eo)
                              build/default/production/Laser_Array_Main.o (___subsf3)
c:/program files (x86)/microchip/xc16/v1.34/bin/bin/../../lib\libm-elf.a(divsf3.eo)
                              build/default/production/Laser_Array_Main.o (___divsf3)
c:/program files (x86)/microchip/xc16/v1.34/bin/bin/../../lib\libm-elf.a(feqltle.eo)
                              build/default/production/Laser_Array_Main.o (___ltsf2)
c:/program files (x86)/microchip/xc16/v1.34/bin/bin/../../lib\libm-elf.a(fgtge.eo)
                              build/default/production/Laser_Array_Main.o (___gtsf2)
c:/program files (x86)/microchip/xc16/v1.34/bin/bin/../../lib\libm-elf.a(fixsfsi.eo)
                              build/default/production/Laser_Array_Main.o (_(float, int, long long, short, float, short, int))
c:/program files (x86)/microchip/xc16/v1.34/bin/bin/../../lib\libm-elf.a(floatsisf.eo)
                              build/default/production/Laser_Array_Main.o (___floatsisf)
c:/program files (x86)/microchip/xc16/v1.34/bin/bin/../../lib\libm-elf.a(fpack.eo)
                              c:/program files (x86)/microchip/xc16/v1.34/bin/bin/../../lib\libm-elf.a(addsf3.eo) (__fpack)
c:/program files (x86)/microchip/xc16/v1.34/bin/bin/../../lib\libm-elf.a(funpack.eo)
                              c:/program files (x86)/microchip/xc16/v1.34/bin/bin/../../lib\libm-elf.a(fixsfsi.eo) (__funpack)
c:/program files (x86)/microchip/xc16/v1.34/bin/bin/../../lib\libm-elf.a(funpack2.eo)
                              c:/program files (x86)/microchip/xc16/v1.34/bin/bin/../../lib\libm-elf.a(addsf3.eo) (__funpack2)
c:/program files (x86)/microchip/xc16/v1.34/bin/bin/../../lib\libm-elf.a(futil.eo)
                              c:/program files (x86)/microchip/xc16/v1.34/bin/bin/../../lib\libm-elf.a(addsf3.eo) (__fPropagateNaN)
c:/program files (x86)/microchip/xc16/v1.34/bin/bin/../../lib\libm-elf.a(mulsf3.eo)
                              build/default/production/Laser_Array_Main.o (___mulsf3)
c:/program files (x86)/microchip/xc16/v1.34/bin/bin/../../lib\libm-elf.a(sinf.eo)
                              build/default/production/Laser_Array_Main.o (_sinf)
c:/program files (x86)/microchip/xc16/v1.34/bin/bin/../../lib\libm-elf.a(sqrtf.eo)
                              build/default/production/Laser_Array_Main.o (_sqrtf)
c:/program files (x86)/microchip/xc16/v1.34/bin/bin/../../lib\libm-elf.a(tanf.eo)
                              build/default/production/Laser_Array_Main.o (_tanf)
c:/program files (x86)/microchip/xc16/v1.34/bin/bin/../../lib\libm-elf.a(errno.eo)
                              c:/program files (x86)/microchip/xc16/v1.34/bin/bin/../../lib\libm-elf.a(sqrtf.eo) (_errno)
[...]
Memory Configuration

Name             Origin             Length             Attributes
data             0x000800           0x002000           a !xr
reset            0x000000           0x000004  
ivt              0x000004           0x0000fc  
_reserved        0x000100           0x000004  
aivt             0x000104           0x0000fc  
program          0x000200           0x00a9fc           xr
CONFIG2          0x00abfc           0x000002  
CONFIG1          0x00abfe           0x000002  
*default*        0x000000           0xffffffff  

Linker script and memory map

LOAD build/default/production/Laser_Array_Main.o
                    0x0001                  __MPLAB_BUILD = 0x1
LOAD pPIC24Fxxx
LOAD c:/program files (x86)/microchip/xc16/v1.34/bin/bin/../../lib\libfx-elf.a
                    0xabfc                  __CONFIG2 = 0xabfc
                    0xabfe                  __CONFIG1 = 0xabfe
                    0x0001                  __NO_HANDLES = 0x1
                    0x0200                  __CODE_BASE = 0x200
                    0xa9fc                  __CODE_LENGTH = 0xa9fc
                    0x0004                  __IVT_BASE = 0x4
                    0x0104                  __AIVT_BASE = 0x104
                    0x0800                  __DATA_BASE = 0x800
                    0x2000                  __DATA_LENGTH = 0x2000

.reset            0x000000          0x4
                  0x000000          0x2 SHORT 0x200 ABSOLUTE (__reset)
                  0x000001          0x2 SHORT 0x4
                  0x000002          0x2 SHORT 0x0 ((ABSOLUTE (__reset) >> 0x10) & 0x7f)
                  0x000003          0x2 SHORT 0x0

.text             0x000200       0x1c5a
 *(.init)
 .init            0x000200         0x4c c:/program files (x86)/microchip/xc16/v1.34/bin/bin/../../lib\liblega-pic30-elf.a(crt0_standard.o)
                  0x000200                  __resetPRI
                  0x000200                  __reset
                  0x00023c                  __psv_init
 .init            0x00024c         0x7c c:/program files (x86)/microchip/xc16/v1.34/bin/bin/../../lib\liblega-pic30-elf.a(data_init_standard.o)
                  0x000252                  __data_init_standard
                  0x000252                  __data_init
 *(.user_init)
 *(.handle)
 *(.isr*)
 .isr.text        0x0002cc         0x58 build/default/production/Laser_Array_Main.o
                  0x0002cc                  __INT0Interrupt
 .isr             0x000324          0x4 default_isr
                  0x000324                  __DefaultInterrupt
 *(.libc)
 *(.libm)
 *(.libdsp)
 *(.lib*)
 .libpic30_crt_start_mode
                  0x000328          0x2 c:/program files (x86)/microchip/xc16/v1.34/bin/bin/../../lib\liblega-pic30-elf.a(crt_start_mode_normal.Leo)
                  0x000328                  __crt_start_mode
                  0x000328                  __crt_start_mode_normal
 .libm.subsf3     0x00032a         0xbc c:/program files (x86)/microchip/xc16/v1.34/bin/bin/../../lib\libm-elf.a(addsf3.eo)
                  0x00032a                  ___subsf3
                  0x00032c                  ___addsf3
 .libm.divfs3     0x0003e6         0x84 c:/program files (x86)/microchip/xc16/v1.34/bin/bin/../../lib\libm-elf.a(divsf3.eo)
                  0x0003e6                  ___divsf3
 .libm.eqsf2      0x00046a          0x4 c:/program files (x86)/microchip/xc16/v1.34/bin/bin/../../lib\libm-elf.a(feqltle.eo)
                  0x00046a                  ___eqsf2
                  0x00046a                  ___ltsf2
                  0x00046a                  ___lesf2
 .libm.gtsf2      0x00046e          0x4 c:/program files (x86)/microchip/xc16/v1.34/bin/bin/../../lib\libm-elf.a(fgtge.eo)
                  0x00046e                  ___gesf2
                  0x00046e                  ___gtsf2
 .libm.fixsfsi    0x000472         0x42 c:/program files (x86)/microchip/xc16/v1.34/bin/bin/../../lib\libm-elf.a(fixsfsi.eo)
                  0x000472                  _(float, int, long long, short, float, short, int)
 .libm.floatsisf
                  0x0004b4          0x6 c:/program files (x86)/microchip/xc16/v1.34/bin/bin/../../lib\libm-elf.a(floatsisf.eo)
                  0x0004b4                  ___floatsisf
 .libm.fpack      0x0004ba         0x4c c:/program files (x86)/microchip/xc16/v1.34/bin/bin/../../lib\libm-elf.a(fpack.eo)
                  0x0004ba                  __fpack
 .libm.funpack    0x000506         0x2a c:/program files (x86)/microchip/xc16/v1.34/bin/bin/../../lib\libm-elf.a(funpack.eo)
                  0x000506                  __funpack
 .libm.funpack2
                  0x000530         0x10 c:/program files (x86)/microchip/xc16/v1.34/bin/bin/../../lib\libm-elf.a(funpack2.eo)
                  0x000530                  __funpack2
 .libm.fPropagateNaN
                  0x000540         0x12 c:/program files (x86)/microchip/xc16/v1.34/bin/bin/../../lib\libm-elf.a(futil.eo)
                  0x000540                  __fPropagateNaN
 .libm.fbobExit
                  0x000552          0x8 c:/program files (x86)/microchip/xc16/v1.34/bin/bin/../../lib\libm-elf.a(futil.eo)
                  0x000552                  __fbopExit
 .libm.fbopReturnNaN
                  0x00055a          0x6 c:/program files (x86)/microchip/xc16/v1.34/bin/bin/../../lib\libm-elf.a(futil.eo)
                  0x00055a                  __fbopReturnNaN
 .libm.mulsf3     0x000560         0x68 c:/program files (x86)/microchip/xc16/v1.34/bin/bin/../../lib\libm-elf.a(mulsf3.eo)
                  0x000560                  ___mulsf3
 .libm.sinf       0x0005c8          0x4 c:/program files (x86)/microchip/xc16/v1.34/bin/bin/../../lib\libm-elf.a(sinf.eo)
                  0x0005c8                  _sinf
 .libm.sqrtf      0x0005cc         0x6a c:/program files (x86)/microchip/xc16/v1.34/bin/bin/../../lib\libm-elf.a(sqrtf.eo)
                  0x0005cc                  _sqrtf
 .libm.tanf       0x000636         0xba c:/program files (x86)/microchip/xc16/v1.34/bin/bin/../../lib\libm-elf.a(tanf.eo)
                  0x000636                  _tanf
 .libm.fcompare
                  0x0006f0         0x36 c:/program files (x86)/microchip/xc16/v1.34/bin/bin/../../lib\libm-elf.a(fcompare.eo)
                  0x0006f0                  __fcompare
 .libm.floatdisf
                  0x000726         0x20 c:/program files (x86)/microchip/xc16/v1.34/bin/bin/../../lib\libm-elf.a(floatdisf.eo)
                  0x000726                  ___floatdisf
 .libm.floatundisf
                  0x000746         0x5e c:/program files (x86)/microchip/xc16/v1.34/bin/bin/../../lib\libm-elf.a(floatundisf.eo)
                  0x000746                  ___floatundisf
 .libm.fmodf      0x0007a4          0x4 c:/program files (x86)/microchip/xc16/v1.34/bin/bin/../../lib\libm-elf.a(fmodf.eo)
                  0x0007a4                  _fmodf
 .libm.fmodrem    0x0007a8         0x9e c:/program files (x86)/microchip/xc16/v1.34/bin/bin/../../lib\libm-elf.a(fmodrem.eo)
                  0x0007a8                  __fmodrem
 .libm.sincosf    0x000846         0xd2 c:/program files (x86)/microchip/xc16/v1.34/bin/bin/../../lib\libm-elf.a(sincosf.eo)
                  0x000846                  __sincosf
 .libc.prout      0x000918          0xe c:/program files (x86)/microchip/xc16/v1.34/bin/bin/../../lib\liblega-c-elf.a(sprintf_cdfFnopuxX.XXeo)
                  0x000918                  sprintf_cdfFnopuxX.XXeo:_prout
 .libc._sprintf_cdfFnopuxX
                  0x000926         0x1e c:/program files (x86)/microchip/xc16/v1.34/bin/bin/../../lib\liblega-c-elf.a(sprintf_cdfFnopuxX.XXeo)
                  0x000926                  __sprintf_cdnopuxX
                  0x000926                  __sprintf_cdfFnopuxX
 .libc.memcpy     0x000944          0xe c:/program files (x86)/microchip/xc16/v1.34/bin/bin/../../lib\liblega-c-elf.a(memcpy.XX_eo)
                  0x000944                  _memcpy
 .libc.strchr     0x000952         0x18 c:/program files (x86)/microchip/xc16/v1.34/bin/bin/../../lib\liblega-c-elf.a(strchr.XX_eo)
                  0x000952                  _strchr
 .libc._Puttxt    0x00096a        0x178 c:/program files (x86)/microchip/xc16/v1.34/bin/bin/../../lib\liblega-c-elf.a(xputtxt.XX_eo)
                  0x00096a                  __Puttxt
 .libc._Vacopy    0x000ae2          0x4 c:/program files (x86)/microchip/xc16/v1.34/bin/bin/../../lib\liblega-c-elf.a(xvacopy.XX_eo)
                  0x000ae2                  __Vacopy
 .libc.__Printf_cdfFnopuxX
                  0x000ae6        0x164 c:/program files (x86)/microchip/xc16/v1.34/bin/bin/../../lib\liblega-c-elf.a(xprintf_cdfFnopuxX.XXeo)
                  0x000ae6                  ___Printf_cdnopuxX
                  0x000ae6                  ___Printf_cdfFnopuxX
 .libc.__Putfld_cdfFnopuxX
                  0x000c4a        0x2a6 c:/program files (x86)/microchip/xc16/v1.34/bin/bin/../../lib\liblega-c-elf.a(xputfld_cdfFnopuxX.XXeo)
                  0x000c4a                  ___Putfld_cdfFnopuxX
                  0x000c4a                  ___Putfld_cdnopuxX
 .libc.__Ldtob_cdfFnopuxX
                  0x000ef0        0x250 c:/program files (x86)/microchip/xc16/v1.34/bin/bin/../../lib\liblega-c-elf.a(xldtob_cdfFnopuxX.XXeo)
                  0x000ef0                  ___Ldtob_cdfFnopuxX
 .libc.__Genld_cdfFnopuxX
                  0x001140        0x208 c:/program files (x86)/microchip/xc16/v1.34/bin/bin/../../lib\liblega-c-elf.a(xgenld_cdfFnopuxX.XXeo)
                  0x001140                  ___Genld_cdfFnopuxX
 .libc.div        0x001348         0x16 c:/program files (x86)/microchip/xc16/v1.34/bin/bin/../../lib\liblega-c-elf.a(div.XX_eo)
                  0x001348                  _div
 .libc.ldiv       0x00135e         0x2a c:/program files (x86)/microchip/xc16/v1.34/bin/bin/../../lib\liblega-c-elf.a(ldiv.XX_eo)
                  0x00135e                  _ldiv
 .libc._LDunscale
                  0x001388         0x54 c:/program files (x86)/microchip/xc16/v1.34/bin/bin/../../lib\liblega-c-elf.a(xldunsca.XX_eo)
                  0x001388                  __LDunscale
 .libc._Litob     0x0013dc        0x25e c:/program files (x86)/microchip/xc16/v1.34/bin/bin/../../lib\liblega-c-elf.a(xlitob.XX_eo)
                  0x0013dc                  __Litob
 .libc._Dnorm     0x00163a         0x98 c:/program files (x86)/microchip/xc16/v1.34/bin/bin/../../lib\liblega-c-elf.a(xdnorm.XX_elo)
                  0x00163a                  __Dnorm
 .libm.eqdf2      0x0016d2          0xa c:/program files (x86)/microchip/xc16/v1.34/bin/bin/../../lib\libm-elf.a(deqltle.eo)
                  0x0016d2                  ___eqdf2
                  0x0016d2                  ___ltdf2
                  0x0016d2                  ___ledf2
 .libm.gtdf2      0x0016dc          0xa c:/program files (x86)/microchip/xc16/v1.34/bin/bin/../../lib\libm-elf.a(dgtge.eo)
                  0x0016dc                  ___gtdf2
                  0x0016dc                  ___gedf2
 .libm.divdf3     0x0016e6         0xb4 c:/program files (x86)/microchip/xc16/v1.34/bin/bin/../../lib\libm-elf.a(divdf3.eo)
                  0x0016e6                  ___divdf3
 .libm.divsi3     0x00179a         0x1e c:/program files (x86)/microchip/xc16/v1.34/bin/bin/../../lib\libm-elf.a(divsi3.eo)
                  0x00179a                  ___divsi3
 .libm.dpack      0x0017b8         0x58 c:/program files (x86)/microchip/xc16/v1.34/bin/bin/../../lib\libm-elf.a(dpack.eo)
                  0x0017b8                  __dpack
 .libm.dunpack2
                  0x001810         0x32 c:/program files (x86)/microchip/xc16/v1.34/bin/bin/../../lib\libm-elf.a(dunpack2.eo)
                  0x001810                  __dunpack2
                  0x001832                  __dreturnNaN
                  0x001838                  __dunpack2exit
 .libm.extendsfdf2
                  0x001842         0x3e c:/program files (x86)/microchip/xc16/v1.34/bin/bin/../../lib\libm-elf.a(extendsfdf.eo)
                  0x001842                  ___extendsfdf2
 .libm.fixdfsi    0x001880         0x58 c:/program files (x86)/microchip/xc16/v1.34/bin/bin/../../lib\libm-elf.a(fixdfsi.eo)
                  0x001880                  _(float, int, long long, double, float, short, int)
 .libm.floatsidf
                  0x0018d8          0x6 c:/program files (x86)/microchip/xc16/v1.34/bin/bin/../../lib\libm-elf.a(floatsidf.eo)
                  0x0018d8                  ___floatsidf
 *fill*           0x0018de          0x400
 .libm.muldf3     0x0018e0         0xec c:/program files (x86)/microchip/xc16/v1.34/bin/bin/../../lib\libm-elf.a(muldf3.eo)
                  0x0018e0                  ___muldf3
 .libm.subdf3     0x0019cc          0x4 c:/program files (x86)/microchip/xc16/v1.34/bin/bin/../../lib\libm-elf.a(subdf3.eo)
                  0x0019cc                  ___subdf3
 .libm.udivsi3    0x0019d0         0x20 c:/program files (x86)/microchip/xc16/v1.34/bin/bin/../../lib\libm-elf.a(udivsi3.eo)
                  0x0019d0                  ___udivsi3
 .libm.umodsi3    0x0019f0          0x6 c:/program files (x86)/microchip/xc16/v1.34/bin/bin/../../lib\libm-elf.a(umodsi3.eo)
                  0x0019f0                  ___umodsi3
 .libm.mulsi3     0x0019f6          0xc c:/program files (x86)/microchip/xc16/v1.34/bin/bin/../../lib\libm-elf.a(mulsi3.eo)
                  0x0019f6                  ___mulp32peds3
                  0x0019f6                  ___mulsi3
                  0x0019f6                  ___mulp32eds3
 .libm.__PplusBdi
                  0x001a02         0x26 c:/program files (x86)/microchip/xc16/v1.34/bin/bin/../../lib\libm-elf.a(divmoddi3.eo)
 .libm.__PminusBdi
                  0x001a28         0x26 c:/program files (x86)/microchip/xc16/v1.34/bin/bin/../../lib\libm-elf.a(divmoddi3.eo)
 .libm.__udivmoddi3
                  0x001a4e         0xe6 c:/program files (x86)/microchip/xc16/v1.34/bin/bin/../../lib\libm-elf.a(divmoddi3.eo)
                  0x001a4e                  ___udivmoddi3
 .libm.__udivdi3
                  0x001b34          0xe c:/program files (x86)/microchip/xc16/v1.34/bin/bin/../../lib\libm-elf.a(divmoddi3.eo)
                  0x001b34                  ___udivdi3
 .libm.__umoddi3
                  0x001b42          0x8 c:/program files (x86)/microchip/xc16/v1.34/bin/bin/../../lib\libm-elf.a(divmoddi3.eo)
                  0x001b42                  ___umoddi3
 .libm.__divdi3
                  0x001b4a         0x60 c:/program files (x86)/microchip/xc16/v1.34/bin/bin/../../lib\libm-elf.a(divmoddi3.eo)
                  0x001b4a                  ___divdi3
 .libm.__moddi3
                  0x001baa         0x5c c:/program files (x86)/microchip/xc16/v1.34/bin/bin/../../lib\libm-elf.a(divmoddi3.eo)
                  0x001baa                  ___moddi3
 *fill*           0x001c06          0x400
 .libm.adddf3     0x001c08         0xfc c:/program files (x86)/microchip/xc16/v1.34/bin/bin/../../lib\libm-elf.a(adddf3.eo)
                  0x001c08                  ___adddf3
 .libm.dcompare
                  0x001d04         0x52 c:/program files (x86)/microchip/xc16/v1.34/bin/bin/../../lib\libm-elf.a(dcompare.eo)
                  0x001d04                  __dcompare
 .libm.dPropagateNaN
                  0x001d56         0x1c c:/program files (x86)/microchip/xc16/v1.34/bin/bin/../../lib\libm-elf.a(dpropagateNaN.eo)
                  0x001d56                  __dPropagateNaN
 .libm.dtype      0x001d72         0x24 c:/program files (x86)/microchip/xc16/v1.34/bin/bin/../../lib\libm-elf.a(dtype.eo)
                  0x001d72                  __dtype
 .libm.dunpack    0x001d96         0x4e c:/program files (x86)/microchip/xc16/v1.34/bin/bin/../../lib\libm-elf.a(dunpack.eo)
                  0x001d96                  __dunpack
 .libm.floatdidf
                  0x001de4         0x20 c:/program files (x86)/microchip/xc16/v1.34/bin/bin/../../lib\libm-elf.a(floatdidf.eo)
                  0x001de4                  ___floatdidf
 .libm.floatundidf
                  0x001e04         0x56 c:/program files (x86)/microchip/xc16/v1.34/bin/bin/../../lib\libm-elf.a(floatundidf.eo)
                  0x001e04                  ___floatundidf

usercode
 *(usercode)

__CONFIG2
 *(__CONFIG2.sec*)

__CONFIG1
 *(__CONFIG1.sec*)

.comment
 *(.comment)

.debug_info       0x000000       0x4bd9
 *(.debug_info)
 .debug_info      0x000000       0x4bd9 build/default/production/Laser_Array_Main.o
 *(.gnu.linkonce.wi.*)

.debug_abbrev     0x000000        0x23f
 *(.debug_abbrev)
 .debug_abbrev    0x000000        0x23f build/default/production/Laser_Array_Main.o

.debug_line       0x000000        0x85d
 *(.debug_line)
 .debug_line      0x000000        0x85d build/default/production/Laser_Array_Main.o

.debug_frame      0x000000        0x8e0
 *(.debug_frame)
 .debug_frame     0x000000        0x8e0 build/default/production/Laser_Array_Main.o

.debug_str        0x000000        0x26b
 *(.debug_str)
 .debug_str       0x000000        0x26b build/default/production/Laser_Array_Main.o

.debug_loc
 *(.debug_loc)

.debug_macinfo
 *(.debug_macinfo)

.debug_pubnames
                  0x000000        0x5a1
 *(.debug_pubnames)
 .debug_pubnames
                  0x000000        0x5a1 build/default/production/Laser_Array_Main.o

.debug_ranges
 *(.debug_ranges)

.debug_aranges    0x000000         0x18
 *(.debug_aranges)
 .debug_aranges
                  0x000000         0x18 build/default/production/Laser_Array_Main.o
                    0x0000                  WREG0 = 0x0
                    0x0000                  _WREG0 = 0x0
                    0x0002                  WREG1 = 0x2
                    0x0002                  _WREG1 = 0x2
                    0x0004                  WREG2 = 0x4
                    0x0004                  _WREG2 = 0x4
                    0x0006                  WREG3 = 0x6
                    0x0006                  _WREG3 = 0x6
                    0x0008                  WREG4 = 0x8
                    0x0008                  _WREG4 = 0x8
                    0x000a                  WREG5 = 0xa
                    0x000a                  _WREG5 = 0xa
                    0x000c                  WREG6 = 0xc
                    0x000c                  _WREG6 = 0xc
                    0x000e                  WREG7 = 0xe
                    0x000e                  _WREG7 = 0xe
                    0x0010                  WREG8 = 0x10
                    0x0010                  _WREG8 = 0x10
                    0x0012                  WREG9 = 0x12
                    0x0012                  _WREG9 = 0x12
                    0x0014                  WREG10 = 0x14
                    0x0014                  _WREG10 = 0x14
                    0x0016                  WREG11 = 0x16
                    0x0016                  _WREG11 = 0x16
                    0x0018                  WREG12 = 0x18
                    0x0018                  _WREG12 = 0x18
                    0x001a                  WREG13 = 0x1a
                    0x001a                  _WREG13 = 0x1a
                    0x001c                  WREG14 = 0x1c
                    0x001c                  _WREG14 = 0x1c
                    0x001e                  WREG15 = 0x1e
                    0x001e                  _WREG15 = 0x1e
                    0x0020                  SPLIM = 0x20
                    0x0020                  _SPLIM = 0x20
                    0x002e                  PCL = 0x2e
                    0x002e                  _PCL = 0x2e
                    0x0030                  PCH = 0x30
                    0x0030                  _PCH = 0x30
                    0x0032                  TBLPAG = 0x32
                    0x0032                  _TBLPAG = 0x32
                    0x0034                  PSVPAG = 0x34
                    0x0034                  _PSVPAG = 0x34
                    0x0036                  RCOUNT = 0x36
                    0x0036                  _RCOUNT = 0x36
                    0x0042                  SR = 0x42
                    0x0042                  _SR = 0x42
                    0x0042                  _SRbits = 0x42
                    0x0044                  CORCON = 0x44
                    0x0044                  _CORCON = 0x44
                    0x0044                  _CORCONbits = 0x44
                    0x0052                  DISICNT = 0x52
                    0x0052                  _DISICNT = 0x52
                    0x0060                  CNEN1 = 0x60
                    0x0060                  _CNEN1 = 0x60
                    0x0060                  _CNEN1bits = 0x60
                    0x0062                  CNEN2 = 0x62
                    0x0062                  _CNEN2 = 0x62
                    0x0062                  _CNEN2bits = 0x62
                    0x0068                  CNPU1 = 0x68
                    0x0068                  _CNPU1 = 0x68
                    0x0068                  _CNPU1bits = 0x68
                    0x006a                  CNPU2 = 0x6a
                    0x006a                  _CNPU2 = 0x6a
                    0x006a                  _CNPU2bits = 0x6a
                    0x0080                  INTCON1 = 0x80
                    0x0080                  _INTCON1 = 0x80
                    0x0080                  _INTCON1bits = 0x80
                    0x0082                  INTCON2 = 0x82
                    0x0082                  _INTCON2 = 0x82
                    0x0082                  _INTCON2bits = 0x82
                    0x0084                  IFS0 = 0x84
                    0x0084                  _IFS0 = 0x84
                    0x0084                  _IFS0bits = 0x84
                    0x0086                  IFS1 = 0x86
                    0x0086                  _IFS1 = 0x86
                    0x0086                  _IFS1bits = 0x86
                    0x0088                  IFS2 = 0x88
                    0x0088                  _IFS2 = 0x88
                    0x0088                  _IFS2bits = 0x88
                    0x008a                  IFS3 = 0x8a
                    0x008a                  _IFS3 = 0x8a
                    0x008a                  _IFS3bits = 0x8a
                    0x008c                  IFS4 = 0x8c
                    0x008c                  _IFS4 = 0x8c
                    0x008c                  _IFS4bits = 0x8c
                    0x0094                  IEC0 = 0x94
                    0x0094                  _IEC0 = 0x94
                    0x0094                  _IEC0bits = 0x94
                    0x0096                  IEC1 = 0x96
                    0x0096                  _IEC1 = 0x96
                    0x0096                  _IEC1bits = 0x96
                    0x0098                  IEC2 = 0x98
                    0x0098                  _IEC2 = 0x98
                    0x0098                  _IEC2bits = 0x98
                    0x009a                  IEC3 = 0x9a
                    0x009a                  _IEC3 = 0x9a
                    0x009a                  _IEC3bits = 0x9a
                    0x009c                  IEC4 = 0x9c
                    0x009c                  _IEC4 = 0x9c
                    0x009c                  _IEC4bits = 0x9c
                    0x00a4                  IPC0 = 0xa4
                    0x00a4                  _IPC0 = 0xa4
                    0x00a4                  _IPC0bits = 0xa4
                    0x00a6                  IPC1 = 0xa6
                    0x00a6                  _IPC1 = 0xa6
                    0x00a6                  _IPC1bits = 0xa6
                    0x00a8                  IPC2 = 0xa8
                    0x00a8                  _IPC2 = 0xa8
                    0x00a8                  _IPC2bits = 0xa8
                    0x00aa                  IPC3 = 0xaa
                    0x00aa                  _IPC3 = 0xaa
                    0x00aa                  _IPC3bits = 0xaa
                    0x00ac                  IPC4 = 0xac
                    0x00ac                  _IPC4 = 0xac
                    0x00ac                  _IPC4bits = 0xac
                    0x00ae                  IPC5 = 0xae
                    0x00ae                  _IPC5 = 0xae
                    0x00ae                  _IPC5bits = 0xae
                    0x00b0                  IPC6 = 0xb0
                    0x00b0                  _IPC6 = 0xb0
                    0x00b0                  _IPC6bits = 0xb0
                    0x00b2                  IPC7 = 0xb2
                    0x00b2                  _IPC7 = 0xb2
                    0x00b2                  _IPC7bits = 0xb2
                    0x00b4                  IPC8 = 0xb4
                    0x00b4                  _IPC8 = 0xb4
                    0x00b4                  _IPC8bits = 0xb4
                    0x00b6                  IPC9 = 0xb6
                    0x00b6                  _IPC9 = 0xb6
                    0x00b6                  _IPC9bits = 0xb6
                    0x00b8                  IPC10 = 0xb8
                    0x00b8                  _IPC10 = 0xb8
                    0x00b8                  _IPC10bits = 0xb8
                    0x00ba                  IPC11 = 0xba
                    0x00ba                  _IPC11 = 0xba
                    0x00ba                  _IPC11bits = 0xba
                    0x00bc                  IPC12 = 0xbc
                    0x00bc                  _IPC12 = 0xbc
                    0x00bc                  _IPC12bits = 0xbc
                    0x00c2                  IPC15 = 0xc2
                    0x00c2                  _IPC15 = 0xc2
                    0x00c2                  _IPC15bits = 0xc2
                    0x00c4                  IPC16 = 0xc4
                    0x00c4                  _IPC16 = 0xc4
                    0x00c4                  _IPC16bits = 0xc4
                    0x00c8                  IPC18 = 0xc8
                    0x00c8                  _IPC18 = 0xc8
                    0x00c8                  _IPC18bits = 0xc8
                    0x0100                  TMR1 = 0x100
                    0x0100                  _TMR1 = 0x100
                    0x0102                  PR1 = 0x102
                    0x0102                  _PR1 = 0x102
                    0x0104                  T1CON = 0x104
                    0x0104                  _T1CON = 0x104
                    0x0104                  _T1CONbits = 0x104
                    0x0106                  TMR2 = 0x106
                    0x0106                  _TMR2 = 0x106
                    0x0108                  TMR3HLD = 0x108
                    0x0108                  _TMR3HLD = 0x108
                    0x010a                  TMR3 = 0x10a
                    0x010a                  _TMR3 = 0x10a
                    0x010c                  PR2 = 0x10c
                    0x010c                  _PR2 = 0x10c
                    0x010e                  PR3 = 0x10e
                    0x010e                  _PR3 = 0x10e
                    0x0110                  T2CON = 0x110
                    0x0110                  _T2CON = 0x110
                    0x0110                  _T2CONbits = 0x110
                    0x0112                  T3CON = 0x112
                    0x0112                  _T3CON = 0x112
                    0x0112                  _T3CONbits = 0x112
                    0x0114                  TMR4 = 0x114
                    0x0114                  _TMR4 = 0x114
                    0x0116                  TMR5HLD = 0x116
                    0x0116                  _TMR5HLD = 0x116
                    0x0118                  TMR5 = 0x118
                    0x0118                  _TMR5 = 0x118
                    0x011a                  PR4 = 0x11a
                    0x011a                  _PR4 = 0x11a
                    0x011c                  PR5 = 0x11c
                    0x011c                  _PR5 = 0x11c
                    0x011e                  T4CON = 0x11e
                    0x011e                  _T4CON = 0x11e
                    0x011e                  _T4CONbits = 0x11e
                    0x0120                  T5CON = 0x120
                    0x0120                  _T5CON = 0x120
                    0x0120                  _T5CONbits = 0x120
                    0x0140                  IC1BUF = 0x140
                    0x0140                  _IC1BUF = 0x140
                    0x0142                  IC1CON = 0x142
                    0x0142                  _IC1CON = 0x142
                    0x0142                  _IC1CONbits = 0x142
                    0x0144                  IC2BUF = 0x144
                    0x0144                  _IC2BUF = 0x144
                    0x0146                  IC2CON = 0x146
                    0x0146                  _IC2CON = 0x146
                    0x0146                  _IC2CONbits = 0x146
                    0x0148                  IC3BUF = 0x148
                    0x0148                  _IC3BUF = 0x148
                    0x014a                  IC3CON = 0x14a
                    0x014a                  _IC3CON = 0x14a
                    0x014a                  _IC3CONbits = 0x14a
                    0x014c                  IC4BUF = 0x14c
                    0x014c                  _IC4BUF = 0x14c
                    0x014e                  IC4CON = 0x14e
                    0x014e                  _IC4CON = 0x14e
                    0x014e                  _IC4CONbits = 0x14e
                    0x0150                  IC5BUF = 0x150
                    0x0150                  _IC5BUF = 0x150
                    0x0152                  IC5CON = 0x152
                    0x0152                  _IC5CON = 0x152
                    0x0152                  _IC5CONbits = 0x152
                    0x0180                  OC1RS = 0x180
                    0x0180                  _OC1RS = 0x180
                    0x0182                  OC1R = 0x182
                    0x0182                  _OC1R = 0x182
                    0x0184                  OC1CON = 0x184
                    0x0184                  _OC1CON = 0x184
                    0x0184                  _OC1CONbits = 0x184
                    0x0186                  OC2RS = 0x186
                    0x0186                  _OC2RS = 0x186
                    0x0188                  OC2R = 0x188
                    0x0188                  _OC2R = 0x188
                    0x018a                  OC2CON = 0x18a
                    0x018a                  _OC2CON = 0x18a
                    0x018a                  _OC2CONbits = 0x18a
                    0x018c                  OC3RS = 0x18c
                    0x018c                  _OC3RS = 0x18c
                    0x018e                  OC3R = 0x18e
                    0x018e                  _OC3R = 0x18e
                    0x0190                  OC3CON = 0x190
                    0x0190                  _OC3CON = 0x190
                    0x0190                  _OC3CONbits = 0x190
                    0x0192                  OC4RS = 0x192
                    0x0192                  _OC4RS = 0x192
                    0x0194                  OC4R = 0x194
                    0x0194                  _OC4R = 0x194
                    0x0196                  OC4CON = 0x196
                    0x0196                  _OC4CON = 0x196
                    0x0196                  _OC4CONbits = 0x196
                    0x0198                  OC5RS = 0x198
                    0x0198                  _OC5RS = 0x198
                    0x019a                  OC5R = 0x19a
                    0x019a                  _OC5R = 0x19a
                    0x019c                  OC5CON = 0x19c
                    0x019c                  _OC5CON = 0x19c
                    0x019c                  _OC5CONbits = 0x19c
                    0x0200                  I2C1RCV = 0x200
                    0x0200                  _I2C1RCV = 0x200
                    0x0202                  I2C1TRN = 0x202
                    0x0202                  _I2C1TRN = 0x202
                    0x0204                  I2C1BRG = 0x204
                    0x0204                  _I2C1BRG = 0x204
                    0x0206                  I2C1CON = 0x206
                    0x0206                  _I2C1CON = 0x206
                    0x0206                  _I2C1CONbits = 0x206
                    0x0208                  I2C1STAT = 0x208
                    0x0208                  _I2C1STAT = 0x208
                    0x0208                  _I2C1STATbits = 0x208
                    0x020a                  I2C1ADD = 0x20a
                    0x020a                  _I2C1ADD = 0x20a
                    0x020c                  I2C1MSK = 0x20c
                    0x020c                  _I2C1MSK = 0x20c
                    0x0210                  I2C2RCV = 0x210
                    0x0210                  _I2C2RCV = 0x210
                    0x0212                  I2C2TRN = 0x212
                    0x0212                  _I2C2TRN = 0x212
                    0x0214                  I2C2BRG = 0x214
                    0x0214                  _I2C2BRG = 0x214
                    0x0216                  I2C2CON = 0x216
                    0x0216                  _I2C2CON = 0x216
                    0x0216                  _I2C2CONbits = 0x216
                    0x0218                  I2C2STAT = 0x218
                    0x0218                  _I2C2STAT = 0x218
                    0x0218                  _I2C2STATbits = 0x218
                    0x021a                  I2C2ADD = 0x21a
                    0x021a                  _I2C2ADD = 0x21a
                    0x021c                  I2C2MSK = 0x21c
                    0x021c                  _I2C2MSK = 0x21c
                    0x0220                  U1MODE = 0x220
                    0x0220                  _U1MODE = 0x220
                    0x0220                  _U1MODEbits = 0x220
                    0x0222                  U1STA = 0x222
                    0x0222                  _U1STA = 0x222
                    0x0222                  _U1STAbits = 0x222
                    0x0224                  U1TXREG = 0x224
                    0x0224                  _U1TXREG = 0x224
                    0x0226                  U1RXREG = 0x226
                    0x0226                  _U1RXREG = 0x226
                    0x0228                  U1BRG = 0x228
                    0x0228                  _U1BRG = 0x228
                    0x0230                  U2MODE = 0x230
                    0x0230                  _U2MODE = 0x230
                    0x0230                  _U2MODEbits = 0x230
                    0x0232                  U2STA = 0x232
                    0x0232                  _U2STA = 0x232
                    0x0232                  _U2STAbits = 0x232
                    0x0234                  U2TXREG = 0x234
                    0x0234                  _U2TXREG = 0x234
                    0x0236                  U2RXREG = 0x236
                    0x0236                  _U2RXREG = 0x236
                    0x0238                  U2BRG = 0x238
                    0x0238                  _U2BRG = 0x238
                    0x0240                  SPI1STAT = 0x240
                    0x0240                  _SPI1STAT = 0x240
                    0x0240                  _SPI1STATbits = 0x240
                    0x0242                  SPI1CON1 = 0x242
                    0x0242                  _SPI1CON1 = 0x242
                    0x0242                  _SPI1CON1bits = 0x242
                    0x0244                  SPI1CON2 = 0x244
                    0x0244                  _SPI1CON2 = 0x244
                    0x0244                  _SPI1CON2bits = 0x244
                    0x0248                  SPI1BUF = 0x248
                    0x0248                  _SPI1BUF = 0x248
                    0x0260                  SPI2STAT = 0x260
                    0x0260                  _SPI2STAT = 0x260
                    0x0260                  _SPI2STATbits = 0x260
                    0x0262                  SPI2CON1 = 0x262
                    0x0262                  _SPI2CON1 = 0x262
                    0x0262                  _SPI2CON1bits = 0x262
                    0x0264                  SPI2CON2 = 0x264
                    0x0264                  _SPI2CON2 = 0x264
                    0x0264                  _SPI2CON2bits = 0x264
                    0x0268                  SPI2BUF = 0x268
                    0x0268                  _SPI2BUF = 0x268
                    0x02c0                  TRISA = 0x2c0
                    0x02c0                  _TRISA = 0x2c0
                    0x02c0                  _TRISAbits = 0x2c0
                    0x02c2                  PORTA = 0x2c2
                    0x02c2                  _PORTA = 0x2c2
                    0x02c2                  _PORTAbits = 0x2c2
                    0x02c4                  LATA = 0x2c4
                    0x02c4                  _LATA = 0x2c4
                    0x02c4                  _LATAbits = 0x2c4
                    0x02c6                  ODCA = 0x2c6
                    0x02c6                  _ODCA = 0x2c6
                    0x02c6                  _ODCAbits = 0x2c6
                    0x02c8                  TRISB = 0x2c8
                    0x02c8                  _TRISB = 0x2c8
                    0x02c8                  _TRISBbits = 0x2c8
                    0x02ca                  PORTB = 0x2ca
                    0x02ca                  _PORTB = 0x2ca
                    0x02ca                  _PORTBbits = 0x2ca
                    0x02cc                  LATB = 0x2cc
                    0x02cc                  _LATB = 0x2cc
                    0x02cc                  _LATBbits = 0x2cc
                    0x02ce                  ODCB = 0x2ce
                    0x02ce                  _ODCB = 0x2ce
                    0x02ce                  _ODCBbits = 0x2ce
                    0x02d0                  TRISC = 0x2d0
                    0x02d0                  _TRISC = 0x2d0
                    0x02d0                  _TRISCbits = 0x2d0
                    0x02d2                  PORTC = 0x2d2
                    0x02d2                  _PORTC = 0x2d2
                    0x02d2                  _PORTCbits = 0x2d2
                    0x02d4                  LATC = 0x2d4
                    0x02d4                  _LATC = 0x2d4
                    0x02d4                  _LATCbits = 0x2d4
                    0x02d6                  ODCC = 0x2d6
                    0x02d6                  _ODCC = 0x2d6
                    0x02d6                  _ODCCbits = 0x2d6
                    0x02fc                  PADCFG1 = 0x2fc
                    0x02fc                  _PADCFG1 = 0x2fc
                    0x02fc                  _PADCFG1bits = 0x2fc
                    0x0300                  ADC1BUF0 = 0x300
                    0x0300                  _ADC1BUF0 = 0x300
                    0x0302                  ADC1BUF1 = 0x302
                    0x0302                  _ADC1BUF1 = 0x302
                    0x0304                  ADC1BUF2 = 0x304
                    0x0304                  _ADC1BUF2 = 0x304
                    0x0306                  ADC1BUF3 = 0x306
                    0x0306                  _ADC1BUF3 = 0x306
                    0x0308                  ADC1BUF4 = 0x308
                    0x0308                  _ADC1BUF4 = 0x308
                    0x030a                  ADC1BUF5 = 0x30a
                    0x030a                  _ADC1BUF5 = 0x30a
                    0x030c                  ADC1BUF6 = 0x30c
                    0x030c                  _ADC1BUF6 = 0x30c
                    0x030e                  ADC1BUF7 = 0x30e
                    0x030e                  _ADC1BUF7 = 0x30e
                    0x0310                  ADC1BUF8 = 0x310
                    0x0310                  _ADC1BUF8 = 0x310
                    0x0312                  ADC1BUF9 = 0x312
                    0x0312                  _ADC1BUF9 = 0x312
                    0x0314                  ADC1BUFA = 0x314
                    0x0314                  _ADC1BUFA = 0x314
                    0x0316                  ADC1BUFB = 0x316
                    0x0316                  _ADC1BUFB = 0x316
                    0x0318                  ADC1BUFC = 0x318
                    0x0318                  _ADC1BUFC = 0x318
                    0x031a                  ADC1BUFD = 0x31a
                    0x031a                  _ADC1BUFD = 0x31a
                    0x031c                  ADC1BUFE = 0x31c
                    0x031c                  _ADC1BUFE = 0x31c
                    0x031e                  ADC1BUFF = 0x31e
                    0x031e                  _ADC1BUFF = 0x31e
                    0x0320                  AD1CON1 = 0x320
                    0x0320                  _AD1CON1 = 0x320
                    0x0320                  _AD1CON1bits = 0x320
                    0x0322                  AD1CON2 = 0x322
                    0x0322                  _AD1CON2 = 0x322
                    0x0322                  _AD1CON2bits = 0x322
                    0x0324                  AD1CON3 = 0x324
                    0x0324                  _AD1CON3 = 0x324
                    0x0324                  _AD1CON3bits = 0x324
                    0x0328                  AD1CHS = 0x328
                    0x0328                  _AD1CHS = 0x328
                    0x0328                  _AD1CHSbits = 0x328
                    0x032c                  AD1PCFG = 0x32c
                    0x032c                  _AD1PCFG = 0x32c
                    0x032c                  _AD1PCFGbits = 0x32c
                    0x0330                  AD1CSSL = 0x330
                    0x0330                  _AD1CSSL = 0x330
                    0x0330                  _AD1CSSLbits = 0x330
                    0x0600                  PMCON = 0x600
                    0x0600                  _PMCON = 0x600
                    0x0600                  _PMCONbits = 0x600
                    0x0602                  PMMODE = 0x602
                    0x0602                  _PMMODE = 0x602
                    0x0602                  _PMMODEbits = 0x602
                    0x0604                  PMADDR = 0x604
                    0x0604                  _PMADDR = 0x604
                    0x0604                  _PMADDRbits = 0x604
                    0x0604                  PMDOUT1 = 0x604
                    0x0604                  _PMDOUT1 = 0x604
                    0x0604                  _PMDOUT1bits = 0x604
                    0x0606                  PMDOUT2 = 0x606
                    0x0606                  _PMDOUT2 = 0x606
                    0x0608                  PMDIN1 = 0x608
                    0x0608                  _PMDIN1 = 0x608
                    0x060a                  PMDIN2 = 0x60a
                    0x060a                  _PMDIN2 = 0x60a
                    0x060c                  PMAEN = 0x60c
                    0x060c                  _PMAEN = 0x60c
                    0x060c                  _PMAENbits = 0x60c
                    0x060e                  PMSTAT = 0x60e
                    0x060e                  _PMSTAT = 0x60e
                    0x060e                  _PMSTATbits = 0x60e
                    0x0620                  ALRMVAL = 0x620
                    0x0620                  _ALRMVAL = 0x620
                    0x0622                  ALCFGRPT = 0x622
                    0x0622                  _ALCFGRPT = 0x622
                    0x0622                  _ALCFGRPTbits = 0x622
                    0x0624                  RTCVAL = 0x624
                    0x0624                  _RTCVAL = 0x624
                    0x0626                  RCFGCAL = 0x626
                    0x0626                  _RCFGCAL = 0x626
                    0x0626                  _RCFGCALbits = 0x626
                    0x0630                  CMCON = 0x630
                    0x0630                  _CMCON = 0x630
                    0x0630                  _CMCONbits = 0x630
                    0x0632                  CVRCON = 0x632
                    0x0632                  _CVRCON = 0x632
                    0x0632                  _CVRCONbits = 0x632
                    0x0640                  CRCCON = 0x640
                    0x0640                  _CRCCON = 0x640
                    0x0640                  _CRCCONbits = 0x640
                    0x0642                  CRCXOR = 0x642
                    0x0642                  _CRCXOR = 0x642
                    0x0642                  _CRCXORbits = 0x642
                    0x0644                  CRCDAT = 0x644
                    0x0644                  _CRCDAT = 0x644
                    0x0646                  CRCWDAT = 0x646
                    0x0646                  _CRCWDAT = 0x646
                    0x0680                  RPINR0 = 0x680
                    0x0680                  _RPINR0 = 0x680
                    0x0680                  _RPINR0bits = 0x680
                    0x0682                  RPINR1 = 0x682
                    0x0682                  _RPINR1 = 0x682
                    0x0682                  _RPINR1bits = 0x682
                    0x0686                  RPINR3 = 0x686
                    0x0686                  _RPINR3 = 0x686
                    0x0686                  _RPINR3bits = 0x686
                    0x0688                  RPINR4 = 0x688
                    0x0688                  _RPINR4 = 0x688
                    0x0688                  _RPINR4bits = 0x688
                    0x068e                  RPINR7 = 0x68e
                    0x068e                  _RPINR7 = 0x68e
                    0x068e                  _RPINR7bits = 0x68e
                    0x0690                  RPINR8 = 0x690
                    0x0690                  _RPINR8 = 0x690
                    0x0690                  _RPINR8bits = 0x690
                    0x0692                  RPINR9 = 0x692
                    0x0692                  _RPINR9 = 0x692
                    0x0692                  _RPINR9bits = 0x692
                    0x0696                  RPINR11 = 0x696
                    0x0696                  _RPINR11 = 0x696
                    0x0696                  _RPINR11bits = 0x696
                    0x06a4                  RPINR18 = 0x6a4
                    0x06a4                  _RPINR18 = 0x6a4
                    0x06a4                  _RPINR18bits = 0x6a4
                    0x06a6                  RPINR19 = 0x6a6
                    0x06a6                  _RPINR19 = 0x6a6
                    0x06a6                  _RPINR19bits = 0x6a6
                    0x06a8                  RPINR20 = 0x6a8
                    0x06a8                  _RPINR20 = 0x6a8
                    0x06a8                  _RPINR20bits = 0x6a8
                    0x06aa                  RPINR21 = 0x6aa
                    0x06aa                  _RPINR21 = 0x6aa
                    0x06aa                  _RPINR21bits = 0x6aa
                    0x06ac                  RPINR22 = 0x6ac
                    0x06ac                  _RPINR22 = 0x6ac
                    0x06ac                  _RPINR22bits = 0x6ac
                    0x06ae                  RPINR23 = 0x6ae
                    0x06ae                  _RPINR23 = 0x6ae
                    0x06ae                  _RPINR23bits = 0x6ae
                    0x06c0                  RPOR0 = 0x6c0
                    0x06c0                  _RPOR0 = 0x6c0
                    0x06c0                  _RPOR0bits = 0x6c0
                    0x06c2                  RPOR1 = 0x6c2
                    0x06c2                  _RPOR1 = 0x6c2
                    0x06c2                  _RPOR1bits = 0x6c2
                    0x06c4                  RPOR2 = 0x6c4
                    0x06c4                  _RPOR2 = 0x6c4
                    0x06c4                  _RPOR2bits = 0x6c4
                    0x06c6                  RPOR3 = 0x6c6
                    0x06c6                  _RPOR3 = 0x6c6
                    0x06c6                  _RPOR3bits = 0x6c6
                    0x06c8                  RPOR4 = 0x6c8
                    0x06c8                  _RPOR4 = 0x6c8
                    0x06c8                  _RPOR4bits = 0x6c8
                    0x06ca                  RPOR5 = 0x6ca
                    0x06ca                  _RPOR5 = 0x6ca
                    0x06ca                  _RPOR5bits = 0x6ca
                    0x06cc                  RPOR6 = 0x6cc
                    0x06cc                  _RPOR6 = 0x6cc
                    0x06cc                  _RPOR6bits = 0x6cc
                    0x06ce                  RPOR7 = 0x6ce
                    0x06ce                  _RPOR7 = 0x6ce
                    0x06ce                  _RPOR7bits = 0x6ce
                    0x06d0                  RPOR8 = 0x6d0
                    0x06d0                  _RPOR8 = 0x6d0
                    0x06d0                  _RPOR8bits = 0x6d0
                    0x06d2                  RPOR9 = 0x6d2
                    0x06d2                  _RPOR9 = 0x6d2
                    0x06d2                  _RPOR9bits = 0x6d2
                    0x06d4                  RPOR10 = 0x6d4
                    0x06d4                  _RPOR10 = 0x6d4
                    0x06d4                  _RPOR10bits = 0x6d4
                    0x06d6                  RPOR11 = 0x6d6
                    0x06d6                  _RPOR11 = 0x6d6
                    0x06d6                  _RPOR11bits = 0x6d6
                    0x06d8                  RPOR12 = 0x6d8
                    0x06d8                  _RPOR12 = 0x6d8
                    0x06d8                  _RPOR12bits = 0x6d8
                    0x0740                  RCON = 0x740
                    0x0740                  _RCON = 0x740
                    0x0740                  _RCONbits = 0x740
                    0x0742                  OSCCON = 0x742
                    0x0742                  _OSCCON = 0x742
                    0x0742                  _OSCCONbits = 0x742
                    0x0742                  OSCCONL = 0x742
                    0x0742                  _OSCCONL = 0x742
                    0x0743                  OSCCONH = 0x743
                    0x0743                  _OSCCONH = 0x743
                    0x0744                  CLKDIV = 0x744
                    0x0744                  _CLKDIV = 0x744
                    0x0744                  _CLKDIVbits = 0x744
                    0x0748                  OSCTUN = 0x748
                    0x0748                  _OSCTUN = 0x748
                    0x0748                  _OSCTUNbits = 0x748
                    0x0760                  NVMCON = 0x760
                    0x0760                  _NVMCON = 0x760
                    0x0760                  _NVMCONbits = 0x760
                    0x0766                  NVMKEY = 0x766
                    0x0766                  _NVMKEY = 0x766
                    0x0770                  PMD1 = 0x770
                    0x0770                  _PMD1 = 0x770
                    0x0770                  _PMD1bits = 0x770
                    0x0772                  PMD2 = 0x772
                    0x0772                  _PMD2 = 0x772
                    0x0772                  _PMD2bits = 0x772
                    0x0774                  PMD3 = 0x774
                    0x0774                  _PMD3 = 0x774
                    0x0774                  _PMD3bits = 0x774
                    0x0140                  IC1 = 0x140
                    0x0140                  _IC1 = 0x140
                    0x0144                  IC2 = 0x144
                    0x0144                  _IC2 = 0x144
                    0x0148                  IC3 = 0x148
                    0x0148                  _IC3 = 0x148
                    0x014c                  IC4 = 0x14c
                    0x014c                  _IC4 = 0x14c
                    0x0150                  IC5 = 0x150
                    0x0150                  _IC5 = 0x150
                    0x0180                  OC1 = 0x180
                    0x0180                  _OC1 = 0x180
                    0x0186                  OC2 = 0x186
                    0x0186                  _OC2 = 0x186
                    0x018c                  OC3 = 0x18c
                    0x018c                  _OC3 = 0x18c
                    0x0192                  OC4 = 0x192
                    0x0192                  _OC4 = 0x192
                    0x0198                  OC5 = 0x198
                    0x0198                  _OC5 = 0x198
                    0x0240                  SPI1 = 0x240
                    0x0240                  _SPI1 = 0x240
                    0x0260                  SPI2 = 0x260
                    0x0260                  _SPI2 = 0x260
                    0x0220                  UART1 = 0x220
                    0x0220                  _UART1 = 0x220
                    0x0230                  UART2 = 0x230
                    0x0230                  _UART2 = 0x230
START GROUP
LOAD c:/program files (x86)/microchip/xc16/v1.34/bin/bin/../../lib\liblega-pic30-elf.a
LOAD c:/program files (x86)/microchip/xc16/v1.34/bin/bin/../../lib\libm-elf.a
LOAD c:/program files (x86)/microchip/xc16/v1.34/bin/bin/../../lib\liblega-c-elf.a
END GROUP
OUTPUT(dist/default/production/Laser_Array.production.elf elf32-pic30)
LOAD jump_table
LOAD default_isr
LOAD data_init

.debug_pubtypes
                  0x000018        0x4ec
 .debug_pubtypes
                  0x000018        0x4ec build/default/production/Laser_Array_Main.o

__c30_signature
                  0x000504        0x168
 __c30_signature
                  0x000504          0x6 build/default/production/Laser_Array_Main.o
 __c30_signature
                  0x00050a          0x6 c:/program files (x86)/microchip/xc16/v1.34/bin/bin/../../lib\liblega-pic30-elf.a(crt0_standard.o)
 __c30_signature
                  0x000510          0x6 c:/program files (x86)/microchip/xc16/v1.34/bin/bin/../../lib\liblega-pic30-elf.a(data_init_standard.o)
 __c30_signature
                  0x000516          0x6 c:/program files (x86)/microchip/xc16/v1.34/bin/bin/../../lib\libm-elf.a(addsf3.eo)
 __c30_signature
                  0x00051c          0x6 c:/program files (x86)/microchip/xc16/v1.34/bin/bin/../../lib\libm-elf.a(divsf3.eo)
 __c30_signature
                  0x000522          0x6 c:/program files (x86)/microchip/xc16/v1.34/bin/bin/../../lib\libm-elf.a(feqltle.eo)
 __c30_signature
                  0x000528          0x6 c:/program files (x86)/microchip/xc16/v1.34/bin/bin/../../lib\libm-elf.a(fgtge.eo)
 __c30_signature
                  0x00052e          0x6 c:/program files (x86)/microchip/xc16/v1.34/bin/bin/../../lib\libm-elf.a(fixsfsi.eo)
 __c30_signature
                  0x000534          0x6 c:/program files (x86)/microchip/xc16/v1.34/bin/bin/../../lib\libm-elf.a(floatsisf.eo)
 __c30_signature
                  0x00053a          0x6 c:/program files (x86)/microchip/xc16/v1.34/bin/bin/../../lib\libm-elf.a(fpack.eo)
 __c30_signature
                  0x000540          0x6 c:/program files (x86)/microchip/xc16/v1.34/bin/bin/../../lib\libm-elf.a(funpack.eo)
 __c30_signature
                  0x000546          0x6 c:/program files (x86)/microchip/xc16/v1.34/bin/bin/../../lib\libm-elf.a(funpack2.eo)
 __c30_signature
                  0x00054c          0x6 c:/program files (x86)/microchip/xc16/v1.34/bin/bin/../../lib\libm-elf.a(futil.eo)
 __c30_signature
                  0x000552          0x6 c:/program files (x86)/microchip/xc16/v1.34/bin/bin/../../lib\libm-elf.a(mulsf3.eo)
 __c30_signature
                  0x000558          0x6 c:/program files (x86)/microchip/xc16/v1.34/bin/bin/../../lib\libm-elf.a(sinf.eo)
 __c30_signature
                  0x00055e          0x6 c:/program files (x86)/microchip/xc16/v1.34/bin/bin/../../lib\libm-elf.a(sqrtf.eo)
 __c30_signature
                  0x000564          0x6 c:/program files (x86)/microchip/xc16/v1.34/bin/bin/../../lib\libm-elf.a(tanf.eo)
 __c30_signature
                  0x00056a          0x6 c:/program files (x86)/microchip/xc16/v1.34/bin/bin/../../lib\libm-elf.a(errno.eo)
 __c30_signature
                  0x000570          0x6 c:/program files (x86)/microchip/xc16/v1.34/bin/bin/../../lib\libm-elf.a(fcompare.eo)
 __c30_signature
                  0x000576          0x6 c:/program files (x86)/microchip/xc16/v1.34/bin/bin/../../lib\libm-elf.a(floatdisf.eo)
 __c30_signature
                  0x00057c          0x6 c:/program files (x86)/microchip/xc16/v1.34/bin/bin/../../lib\libm-elf.a(floatundisf.eo)
 __c30_signature
                  0x000582          0x6 c:/program files (x86)/microchip/xc16/v1.34/bin/bin/../../lib\libm-elf.a(fmodf.eo)
 __c30_signature
                  0x000588          0x6 c:/program files (x86)/microchip/xc16/v1.34/bin/bin/../../lib\libm-elf.a(fmodrem.eo)
 __c30_signature
                  0x00058e          0x6 c:/program files (x86)/microchip/xc16/v1.34/bin/bin/../../lib\libm-elf.a(sincosf.eo)
 __c30_signature
                  0x000594          0x6 c:/program files (x86)/microchip/xc16/v1.34/bin/bin/../../lib\liblega-c-elf.a(sprintf_cdfFnopuxX.XXeo)
 __c30_signature
                  0x00059a          0x6 c:/program files (x86)/microchip/xc16/v1.34/bin/bin/../../lib\liblega-c-elf.a(memcpy.XX_eo)
 __c30_signature
                  0x0005a0          0x6 c:/program files (x86)/microchip/xc16/v1.34/bin/bin/../../lib\liblega-c-elf.a(strchr.XX_eo)
 __c30_signature
                  0x0005a6          0x6 c:/program files (x86)/microchip/xc16/v1.34/bin/bin/../../lib\liblega-c-elf.a(xputtxt.XX_eo)
 __c30_signature
                  0x0005ac          0x6 c:/program files (x86)/microchip/xc16/v1.34/bin/bin/../../lib\liblega-c-elf.a(xvacopy.XX_eo)
 __c30_signature
                  0x0005b2          0x6 c:/program files (x86)/microchip/xc16/v1.34/bin/bin/../../lib\liblega-c-elf.a(xprintf_cdfFnopuxX.XXeo)
 __c30_signature
                  0x0005b8          0x6 c:/program files (x86)/microchip/xc16/v1.34/bin/bin/../../lib\liblega-c-elf.a(xputfld_cdfFnopuxX.XXeo)
 __c30_signature
                  0x0005be          0x6 c:/program files (x86)/microchip/xc16/v1.34/bin/bin/../../lib\liblega-c-elf.a(xldtob_cdfFnopuxX.XXeo)
 __c30_signature
                  0x0005c4          0x6 c:/program files (x86)/microchip/xc16/v1.34/bin/bin/../../lib\liblega-c-elf.a(xgenld_cdfFnopuxX.XXeo)
 __c30_signature
                  0x0005ca          0x6 c:/program files (x86)/microchip/xc16/v1.34/bin/bin/../../lib\liblega-c-elf.a(div.XX_eo)
 __c30_signature
                  0x0005d0          0x6 c:/program files (x86)/microchip/xc16/v1.34/bin/bin/../../lib\liblega-c-elf.a(ldiv.XX_eo)
 __c30_signature
                  0x0005d6          0x6 c:/program files (x86)/microchip/xc16/v1.34/bin/bin/../../lib\liblega-c-elf.a(xldunsca.XX_eo)
 __c30_signature
                  0x0005dc          0x6 c:/program files (x86)/microchip/xc16/v1.34/bin/bin/../../lib\liblega-c-elf.a(xlitob.XX_eo)
 __c30_signature
                  0x0005e2          0x6 c:/program files (x86)/microchip/xc16/v1.34/bin/bin/../../lib\liblega-c-elf.a(xdnorm.XX_elo)
 __c30_signature
                  0x0005e8          0x6 c:/program files (x86)/microchip/xc16/v1.34/bin/bin/../../lib\libm-elf.a(deqltle.eo)
 __c30_signature
                  0x0005ee          0x6 c:/program files (x86)/microchip/xc16/v1.34/bin/bin/../../lib\libm-elf.a(dgtge.eo)
 __c30_signature
                  0x0005f4          0x6 c:/program files (x86)/microchip/xc16/v1.34/bin/bin/../../lib\libm-elf.a(divdf3.eo)
 __c30_signature
                  0x0005fa          0x6 c:/program files (x86)/microchip/xc16/v1.34/bin/bin/../../lib\libm-elf.a(divsi3.eo)
 __c30_signature
                  0x000600          0x6 c:/program files (x86)/microchip/xc16/v1.34/bin/bin/../../lib\libm-elf.a(dpack.eo)
 __c30_signature
                  0x000606          0x6 c:/program files (x86)/microchip/xc16/v1.34/bin/bin/../../lib\libm-elf.a(dunpack2.eo)
 __c30_signature
                  0x00060c          0x6 c:/program files (x86)/microchip/xc16/v1.34/bin/bin/../../lib\libm-elf.a(extendsfdf.eo)
 __c30_signature
                  0x000612          0x6 c:/program files (x86)/microchip/xc16/v1.34/bin/bin/../../lib\libm-elf.a(fixdfsi.eo)
 __c30_signature
                  0x000618          0x6 c:/program files (x86)/microchip/xc16/v1.34/bin/bin/../../lib\libm-elf.a(floatsidf.eo)
 __c30_signature
                  0x00061e          0x6 c:/program files (x86)/microchip/xc16/v1.34/bin/bin/../../lib\libm-elf.a(muldf3.eo)
 __c30_signature
                  0x000624          0x6 c:/program files (x86)/microchip/xc16/v1.34/bin/bin/../../lib\libm-elf.a(subdf3.eo)
 __c30_signature
                  0x00062a          0x6 c:/program files (x86)/microchip/xc16/v1.34/bin/bin/../../lib\libm-elf.a(udivsi3.eo)
 __c30_signature
                  0x000630          0x6 c:/program files (x86)/microchip/xc16/v1.34/bin/bin/../../lib\libm-elf.a(umodsi3.eo)
 __c30_signature
                  0x000636          0x6 c:/program files (x86)/microchip/xc16/v1.34/bin/bin/../../lib\libm-elf.a(mulsi3.eo)
 __c30_signature
                  0x00063c          0x6 c:/program files (x86)/microchip/xc16/v1.34/bin/bin/../../lib\libm-elf.a(divmoddi3.eo)
 __c30_signature
                  0x000642          0x6 c:/program files (x86)/microchip/xc16/v1.34/bin/bin/../../lib\libm-elf.a(adddf3.eo)
 __c30_signature
                  0x000648          0x6 c:/program files (x86)/microchip/xc16/v1.34/bin/bin/../../lib\libm-elf.a(dcompare.eo)
 __c30_signature
                  0x00064e          0x6 c:/program files (x86)/microchip/xc16/v1.34/bin/bin/../../lib\libm-elf.a(dpropagateNaN.eo)
 __c30_signature
                  0x000654          0x6 c:/program files (x86)/microchip/xc16/v1.34/bin/bin/../../lib\libm-elf.a(dtype.eo)
 __c30_signature
                  0x00065a          0x6 c:/program files (x86)/microchip/xc16/v1.34/bin/bin/../../lib\libm-elf.a(dunpack.eo)
 __c30_signature
                  0x000660          0x6 c:/program files (x86)/microchip/xc16/v1.34/bin/bin/../../lib\libm-elf.a(floatdidf.eo)
 __c30_signature
                  0x000666          0x6 c:/program files (x86)/microchip/xc16/v1.34/bin/bin/../../lib\libm-elf.a(floatundidf.eo)

.ndata              0x0800          0xc
 .ndata             0x0800          0xc build/default/production/Laser_Array_Main.o
                    0x0800                  _Colourpt
                    0x0802                  _BackColourpt
                    0x0804                  _Temp_Colourpt
                    0x0806                  _Headpt
                    0x0808                  _Driverpt
                    0x080a                  _ADCValuept

.nbss               0x080c          0xc
 .nbss              0x080c          0xa build/default/production/Laser_Array_Main.o
                    0x080c                  _CHANGEBITS
                    0x080e                  _FLAGBITS_A
                    0x0810                  _FLAGBITS_B
                    0x0812                  _ADCValue
 .nbss              0x0816          0x2 c:/program files (x86)/microchip/xc16/v1.34/bin/bin/../../lib\libm-elf.a(errno.eo)
                    0x0816                  _errno

.bss                0x0818         0x82
 .bss               0x0818         0x82 build/default/production/Laser_Array_Main.o
                    0x0818                  _Temp_Array_Head
                    0x0832                  _Temp_Array_Driver
                    0x084c                  _Colour_Array
                    0x0866                  _Back_Colour_Array
                    0x0880                  _Temp_Colour_Array

.data               0x089a         0x96
 .data              0x089a         0x58 c:/program files (x86)/microchip/xc16/v1.34/bin/bin/../../lib\liblega-c-elf.a(xldtob_cdfFnopuxX.XXeo)
 .data              0x08f2         0x22 c:/program files (x86)/microchip/xc16/v1.34/bin/bin/../../lib\liblega-c-elf.a(xlitob.XX_eo)
 .data              0x0914         0x1a c:/program files (x86)/microchip/xc16/v1.34/bin/bin/../../lib\liblega-c-elf.a(xprintf_cdfFnopuxX.XXeo)
 .data              0x092e          0x2 c:/program files (x86)/microchip/xc16/v1.34/bin/bin/../../lib\liblega-c-elf.a(xgenld_cdfFnopuxX.XXeo)

.config_JTAGEN    0x00abfe          0x2
 .config_JTAGEN
                  0x00abfe          0x2 build/default/production/Laser_Array_Main.o

.config_IESO      0x00abfc          0x2
 .config_IESO     0x00abfc          0x2 build/default/production/Laser_Array_Main.o

.ivt._INT0Interrupt
                  0x000014          0x2
 .ivt._INT0Interrupt
                  0x000014          0x2 build/default/production/Laser_Array_Main.o

.const              0x9e5a       0x4ca6 load address 0x001e5a  
 .const             0x9e5a       0x4ca6 build/default/production/Laser_Array_Main.o

.text             0x006b00       0x2be8
 .text            0x006b00       0x2be8 build/default/production/Laser_Array_Main.o
                  0x006b00                  _ADCInit
                  0x006b78                  _I2CInit
                  0x006b92                  _Deg2Rad
                  0x006baa                  _DelayMs
                  0x006bfc                  _DelayUs
                  0x006c1e                  _Rad2Deg
                  0x006c36                  _IntInit
                  0x006c88                  _PortInit
                  0x006d6a                  _Initialize_TFT_ILI9341
                  0x006ee4                  _Crosshair_TFT_ILI9341
                  0x006f2c                  _DrawVLine_TFT_ILI9341
                  0x006f9c                  _DrawHLine_TFT_ILI9341
                  0x007008                  _Display_TFT_ILI9341_Sleep
                  0x00703c                  _Display_TFT_ILI9341_Wake
                  0x00705c                  _DrawAngleLine_TFT_ILI9341
                  0x007438                  _DrawAngleLineWide_TFT_ILI9341
                  0x007514                  _DrawCircle_TFT_ILI9341
                  0x00776e                  _DrawLaserL
                  0x007814                  _DrawLaserR
                  0x0078ba                  _DrawPixel_ILI9341
                  0x007936                  _FillRec_ILI9341
                  0x007a4e                  _FillScreen_ILI9341
                  0x007a6c                  _SetAddrWindow_ILI9341
                  0x007abe                  _CharWrite_XY_ILI9341_16x25
                  0x007bae                  _LineWrite_XY_ILI9341_16x25
                  0x007c14                  _WriteCommand_ILI9341
                  0x007c40                  _WriteData_ILI9341
                  0x007c6c                  _TCA9548A_I2CSwitch_Open
                  0x007cdc                  _Temp_Dis_Frame
                  0x007d7e                  _Temp_TC74_Display
                  0x007f36                  _Read_Temp_TC74_Local
                  0x007fe4                  _Read_Temp_TC74_Remote
                  0x008092                  _Temp_Sensor_Sleep
                  0x0081a6                  _Temp_Sensor_Wake
                  0x0082ba                  _Write_Config_TC74_Local
                  0x00834c                  _Write_Config_TC74_Remote
                  0x0083de                  _System_Wake
                  0x0083ec                  _SPIInit
                  0x008424                  _main
                  0x00848e                  _ChargeMsg
                  0x008602                  _Display_Laser_Driver_Temp
                  0x008690                  _Display_Laser_Head_Temp
                  0x00871e                  _Display_Mode
                  0x008778                  _Display_Voltage
                  0x0087b8                  _Ext_Fan
                  0x0087dc                  _Laser_Activate
                  0x00895a                  _Laser_Colour_Level
                  0x008aaa                  _Read_Laser_Driver_Temp
                  0x008b78                  _Read_Laser_Head_Temp
                  0x008c84                  _Read_Voltage
                  0x008cea                  _Show_Symbols
                  0x008ece                  _Show_Temps
                  0x0094d8                  _Start_Screen
                  0x0095f0                  _System_Sleep
                  0x009684                  _Version_Screen

.dinit            0x0096e8         0xa2
 .dinit           0x0096e8         0xa2 data_init
